/E/Management_Undergraduate_Account/b11333030/badminton-tracker/.venv/lib/python3.10/site-packages/torch/cuda/__init__.py:1174: UserWarning: Can't initialize NVML
  raw_cnt = _raw_device_count_nvml()

========================================
PLAYER V2.2 - ROSTER-AWARE PERSISTENT IDENTITY
========================================

Video:
/E/Management_Undergraduate_Account/b11333030/badminton-tracker/Videos/2p/6.mp4

Calibration:
/E/Management_Undergraduate_Account/b11333030/badminton-tracker/calibration/profiles/2p_main_camera.json

Pose model:
/E/Management_Undergraduate_Account/b11333030/badminton-tracker/third_party/ShuttleVision-main/ShuttleVision-main/yolov8m-pose.pt

Resolution: 1920 x 1080
FPS: 30.00
Frames: 427

Match format: doubles

Logical IDs:
P1/P2 = far court
P3/P4 = near court

本版不處理剪接/畫面閃入。

Processing: 30/427 (7.0%)
Processing: 60/427 (14.1%)
Processing: 90/427 (21.1%)
Processing: 120/427 (28.1%)
Processing: 150/427 (35.1%)
Processing: 180/427 (42.2%)
Processing: 210/427 (49.2%)
Processing: 240/427 (56.2%)
Processing: 270/427 (63.2%)
Processing: 300/427 (70.3%)
Processing: 330/427 (77.3%)
Processing: 360/427 (84.3%)
Processing: 390/427 (91.3%)
Processing: 420/427 (98.4%)

========================================
PLAYER V2.1 COMPLETE
========================================

Video:
/E/Management_Undergraduate_Account/b11333030/badminton-tracker/outputs/2p_6_identity.mp4

CSV:
/E/Management_Undergraduate_Account/b11333030/badminton-tracker/outputs/2p_6_identity_positions.csv
