/E/Management_Undergraduate_Account/b11333030/badminton-tracker/.venv/lib/python3.10/site-packages/torch/cuda/__init__.py:1174: UserWarning: Can't initialize NVML
  raw_cnt = _raw_device_count_nvml()

========================================
PLAYER V2.2 - ROSTER-AWARE PERSISTENT IDENTITY
========================================

Video:
/E/Management_Undergraduate_Account/b11333030/badminton-tracker/Videos/1p/4.mp4

Calibration:
/E/Management_Undergraduate_Account/b11333030/badminton-tracker/calibration/profiles/1p_main_camera.json

Pose model:
/E/Management_Undergraduate_Account/b11333030/badminton-tracker/third_party/ShuttleVision-main/ShuttleVision-main/yolov8m-pose.pt

Resolution: 1804 x 1080
FPS: 30.00
Frames: 709

Match format: singles

Logical IDs:
P1 = far court
P3 = near court

本版不處理剪接/畫面閃入。

Processing: 30/709 (4.2%)
Processing: 60/709 (8.5%)
Processing: 90/709 (12.7%)
Processing: 120/709 (16.9%)
Processing: 150/709 (21.2%)
Processing: 180/709 (25.4%)
Processing: 210/709 (29.6%)
Processing: 240/709 (33.9%)
Processing: 270/709 (38.1%)
Processing: 300/709 (42.3%)
Processing: 330/709 (46.5%)
Processing: 360/709 (50.8%)
Processing: 390/709 (55.0%)
Processing: 420/709 (59.2%)
Processing: 450/709 (63.5%)
Processing: 480/709 (67.7%)
Processing: 510/709 (71.9%)
Processing: 540/709 (76.2%)
Processing: 570/709 (80.4%)
Processing: 600/709 (84.6%)
Processing: 630/709 (88.9%)
Processing: 660/709 (93.1%)
Processing: 690/709 (97.3%)

========================================
PLAYER V2.1 COMPLETE
========================================

Video:
/E/Management_Undergraduate_Account/b11333030/badminton-tracker/outputs/1p_4_identity.mp4

CSV:
/E/Management_Undergraduate_Account/b11333030/badminton-tracker/outputs/1p_4_identity_positions.csv
