/E/Management_Undergraduate_Account/b11333030/badminton-tracker/.venv/lib/python3.10/site-packages/torch/cuda/__init__.py:1174: UserWarning: Can't initialize NVML
  raw_cnt = _raw_device_count_nvml()

========================================
PLAYER V2.2 - ROSTER-AWARE PERSISTENT IDENTITY
========================================

Video:
/E/Management_Undergraduate_Account/b11333030/badminton-tracker/Videos/2p/4.mp4

Calibration:
/E/Management_Undergraduate_Account/b11333030/badminton-tracker/calibration/profiles/2p_main_camera.json

Pose model:
/E/Management_Undergraduate_Account/b11333030/badminton-tracker/third_party/ShuttleVision-main/ShuttleVision-main/yolov8m-pose.pt

Resolution: 1920 x 1080
FPS: 30.00
Frames: 453

Match format: doubles

Logical IDs:
P1/P2 = far court
P3/P4 = near court

本版不處理剪接/畫面閃入。

Processing: 30/453 (6.6%)
Processing: 60/453 (13.2%)
Processing: 90/453 (19.9%)
Processing: 120/453 (26.5%)
Processing: 150/453 (33.1%)
Processing: 180/453 (39.7%)
Processing: 210/453 (46.4%)
Processing: 240/453 (53.0%)
Processing: 270/453 (59.6%)
Processing: 300/453 (66.2%)
Processing: 330/453 (72.8%)
Processing: 360/453 (79.5%)
Processing: 390/453 (86.1%)
Processing: 420/453 (92.7%)
Processing: 450/453 (99.3%)

========================================
PLAYER V2.1 COMPLETE
========================================

Video:
/E/Management_Undergraduate_Account/b11333030/badminton-tracker/outputs/2p_4_identity.mp4

CSV:
/E/Management_Undergraduate_Account/b11333030/badminton-tracker/outputs/2p_4_identity_positions.csv
