/E/Management_Undergraduate_Account/b11333030/badminton-tracker/.venv/lib/python3.10/site-packages/torch/cuda/__init__.py:1174: UserWarning: Can't initialize NVML
  raw_cnt = _raw_device_count_nvml()

========================================
PLAYER V2.2 - ROSTER-AWARE PERSISTENT IDENTITY
========================================

Video:
/E/Management_Undergraduate_Account/b11333030/badminton-tracker/Videos/2p/11.mp4

Calibration:
/E/Management_Undergraduate_Account/b11333030/badminton-tracker/calibration/profiles/2p_main_camera.json

Pose model:
/E/Management_Undergraduate_Account/b11333030/badminton-tracker/third_party/ShuttleVision-main/ShuttleVision-main/yolov8m-pose.pt

Resolution: 1920 x 1080
FPS: 30.00
Frames: 482

Match format: doubles

Logical IDs:
P1/P2 = far court
P3/P4 = near court

本版不處理剪接/畫面閃入。

Processing: 30/482 (6.2%)
Processing: 60/482 (12.4%)
Processing: 90/482 (18.7%)
Processing: 120/482 (24.9%)
Processing: 150/482 (31.1%)
Processing: 180/482 (37.3%)
Processing: 210/482 (43.6%)
Processing: 240/482 (49.8%)
Processing: 270/482 (56.0%)
Processing: 300/482 (62.2%)
Processing: 330/482 (68.5%)
Processing: 360/482 (74.7%)
Processing: 390/482 (80.9%)
Processing: 420/482 (87.1%)
Processing: 450/482 (93.4%)
Processing: 480/482 (99.6%)

========================================
PLAYER V2.1 COMPLETE
========================================

Video:
/E/Management_Undergraduate_Account/b11333030/badminton-tracker/outputs/2p_11_identity.mp4

CSV:
/E/Management_Undergraduate_Account/b11333030/badminton-tracker/outputs/2p_11_identity_positions.csv
