/E/Management_Undergraduate_Account/b11333030/badminton-tracker/.venv/lib/python3.10/site-packages/torch/cuda/__init__.py:1174: UserWarning: Can't initialize NVML
  raw_cnt = _raw_device_count_nvml()

========================================
PLAYER V2.2 - ROSTER-AWARE PERSISTENT IDENTITY
========================================

Video:
/E/Management_Undergraduate_Account/b11333030/badminton-tracker/Videos/2p/13.mp4

Calibration:
/E/Management_Undergraduate_Account/b11333030/badminton-tracker/calibration/profiles/2p_main_camera.json

Pose model:
/E/Management_Undergraduate_Account/b11333030/badminton-tracker/third_party/ShuttleVision-main/ShuttleVision-main/yolov8m-pose.pt

Resolution: 1920 x 1080
FPS: 30.00
Frames: 386

Match format: doubles

Logical IDs:
P1/P2 = far court
P3/P4 = near court

本版不處理剪接/畫面閃入。

Processing: 30/386 (7.8%)
Processing: 60/386 (15.5%)
Processing: 90/386 (23.3%)
Processing: 120/386 (31.1%)
Processing: 150/386 (38.9%)
Processing: 180/386 (46.6%)
Processing: 210/386 (54.4%)
Processing: 240/386 (62.2%)
Processing: 270/386 (69.9%)
Processing: 300/386 (77.7%)
Processing: 330/386 (85.5%)
Processing: 360/386 (93.3%)

========================================
PLAYER V2.1 COMPLETE
========================================

Video:
/E/Management_Undergraduate_Account/b11333030/badminton-tracker/outputs/2p_13_identity.mp4

CSV:
/E/Management_Undergraduate_Account/b11333030/badminton-tracker/outputs/2p_13_identity_positions.csv
