/E/Management_Undergraduate_Account/b11333030/badminton-tracker/.venv/lib/python3.10/site-packages/torch/cuda/__init__.py:1174: UserWarning: Can't initialize NVML
  raw_cnt = _raw_device_count_nvml()

========================================
PLAYER V2.2 - ROSTER-AWARE PERSISTENT IDENTITY
========================================

Video:
/E/Management_Undergraduate_Account/b11333030/badminton-tracker/Videos/1p/6.mp4

Calibration:
/E/Management_Undergraduate_Account/b11333030/badminton-tracker/calibration/profiles/1p_main_camera.json

Pose model:
/E/Management_Undergraduate_Account/b11333030/badminton-tracker/third_party/ShuttleVision-main/ShuttleVision-main/yolov8m-pose.pt

Resolution: 1804 x 1080
FPS: 30.00
Frames: 415

Match format: singles

Logical IDs:
P1 = far court
P3 = near court

本版不處理剪接/畫面閃入。

Processing: 30/415 (7.2%)
Processing: 60/415 (14.5%)
Processing: 90/415 (21.7%)
Processing: 120/415 (28.9%)
Processing: 150/415 (36.1%)
Processing: 180/415 (43.4%)
Processing: 210/415 (50.6%)
Processing: 240/415 (57.8%)
Processing: 270/415 (65.1%)
Processing: 300/415 (72.3%)
Processing: 330/415 (79.5%)
Processing: 360/415 (86.7%)
Processing: 390/415 (94.0%)

========================================
PLAYER V2.1 COMPLETE
========================================

Video:
/E/Management_Undergraduate_Account/b11333030/badminton-tracker/outputs/1p_6_identity.mp4

CSV:
/E/Management_Undergraduate_Account/b11333030/badminton-tracker/outputs/1p_6_identity_positions.csv
