/E/Management_Undergraduate_Account/b11333030/badminton-tracker/.venv/lib/python3.10/site-packages/torch/cuda/__init__.py:1174: UserWarning: Can't initialize NVML
  raw_cnt = _raw_device_count_nvml()

========================================
PLAYER V2.2 - ROSTER-AWARE PERSISTENT IDENTITY
========================================

Video:
/E/Management_Undergraduate_Account/b11333030/badminton-tracker/Videos/1p/7.mp4

Calibration:
/E/Management_Undergraduate_Account/b11333030/badminton-tracker/calibration/profiles/1p_main_camera.json

Pose model:
/E/Management_Undergraduate_Account/b11333030/badminton-tracker/third_party/ShuttleVision-main/ShuttleVision-main/yolov8m-pose.pt

Resolution: 1804 x 1080
FPS: 30.00
Frames: 537

Match format: singles

Logical IDs:
P1 = far court
P3 = near court

本版不處理剪接/畫面閃入。

Processing: 30/537 (5.6%)
Processing: 60/537 (11.2%)
Processing: 90/537 (16.8%)
Processing: 120/537 (22.3%)
Processing: 150/537 (27.9%)
Processing: 180/537 (33.5%)
Processing: 210/537 (39.1%)
Processing: 240/537 (44.7%)
Processing: 270/537 (50.3%)
Processing: 300/537 (55.9%)
Processing: 330/537 (61.5%)
Processing: 360/537 (67.0%)
Processing: 390/537 (72.6%)
Processing: 420/537 (78.2%)
Processing: 450/537 (83.8%)
Processing: 480/537 (89.4%)
Processing: 510/537 (95.0%)

========================================
PLAYER V2.1 COMPLETE
========================================

Video:
/E/Management_Undergraduate_Account/b11333030/badminton-tracker/outputs/1p_7_identity.mp4

CSV:
/E/Management_Undergraduate_Account/b11333030/badminton-tracker/outputs/1p_7_identity_positions.csv
