/E/Management_Undergraduate_Account/b11333030/badminton-tracker/.venv/lib/python3.10/site-packages/torch/cuda/__init__.py:1174: UserWarning: Can't initialize NVML
  raw_cnt = _raw_device_count_nvml()

========================================
PLAYER V2.2 - ROSTER-AWARE PERSISTENT IDENTITY
========================================

Video:
/E/Management_Undergraduate_Account/b11333030/badminton-tracker/Videos/2p/9.mp4

Calibration:
/E/Management_Undergraduate_Account/b11333030/badminton-tracker/calibration/profiles/2p_main_camera.json

Pose model:
/E/Management_Undergraduate_Account/b11333030/badminton-tracker/third_party/ShuttleVision-main/ShuttleVision-main/yolov8m-pose.pt

Resolution: 1920 x 1080
FPS: 30.00
Frames: 398

Match format: doubles

Logical IDs:
P1/P2 = far court
P3/P4 = near court

本版不處理剪接/畫面閃入。

Processing: 30/398 (7.5%)
Processing: 60/398 (15.1%)
Processing: 90/398 (22.6%)
Processing: 120/398 (30.2%)
Processing: 150/398 (37.7%)
Processing: 180/398 (45.2%)
Processing: 210/398 (52.8%)
Processing: 240/398 (60.3%)
Processing: 270/398 (67.8%)
Processing: 300/398 (75.4%)
Processing: 330/398 (82.9%)
Processing: 360/398 (90.5%)
Processing: 390/398 (98.0%)

========================================
PLAYER V2.1 COMPLETE
========================================

Video:
/E/Management_Undergraduate_Account/b11333030/badminton-tracker/outputs/2p_9_identity.mp4

CSV:
/E/Management_Undergraduate_Account/b11333030/badminton-tracker/outputs/2p_9_identity_positions.csv
